../Core/Src/main.c:138:5:main	40	static
../Core/Src/main.c:397:6:SystemClock_Config	88	static
../Core/Src/main.c:443:13:MX_ADC1_Init	24	static
../Core/Src/main.c:495:13:MX_CRC_Init	8	static
../Core/Src/main.c:521:13:MX_DAC_Init	16	static
../Core/Src/main.c:561:13:MX_DMA2D_Init	8	static
../Core/Src/main.c:598:13:MX_I2C3_Init	8	static
../Core/Src/main.c:646:13:MX_LTDC_Init	64	static
../Core/Src/main.c:708:13:MX_SPI5_Init	8	static
../Core/Src/main.c:746:13:MX_TIM1_Init	32	static
../Core/Src/main.c:792:13:MX_TIM2_Init	32	static
../Core/Src/main.c:837:13:MX_USART1_UART_Init	8	static
../Core/Src/main.c:868:13:MX_DMA_Init	16	static
../Core/Src/main.c:882:13:MX_FMC_Init	40	static
../Core/Src/main.c:933:13:MX_GPIO_Init	64	static
../Core/Src/main.c:1030:6:HAL_ADC_ConvCpltCallback	16	static
../Core/Src/main.c:1045:6:HAL_TIM_PeriodElapsedCallback	16	static
../Core/Src/main.c:1062:6:Error_Handler	4	static,ignoring_inline_asm
