../Core/Src/stm32f4xx_hal_msp.c:65:6:HAL_MspInit	16	static
../Core/Src/stm32f4xx_hal_msp.c:88:6:HAL_ADC_MspInit	48	static
../Core/Src/stm32f4xx_hal_msp.c:141:6:HAL_ADC_MspDeInit	16	static
../Core/Src/stm32f4xx_hal_msp.c:171:6:HAL_CRC_MspInit	24	static
../Core/Src/stm32f4xx_hal_msp.c:194:6:HAL_CRC_MspDeInit	16	static
../Core/Src/stm32f4xx_hal_msp.c:216:6:HAL_DAC_MspInit	48	static
../Core/Src/stm32f4xx_hal_msp.c:253:6:HAL_DAC_MspDeInit	16	static
../Core/Src/stm32f4xx_hal_msp.c:283:6:HAL_DMA2D_MspInit	24	static
../Core/Src/stm32f4xx_hal_msp.c:309:6:HAL_DMA2D_MspDeInit	16	static
../Core/Src/stm32f4xx_hal_msp.c:334:6:HAL_I2C_MspInit	48	static
../Core/Src/stm32f4xx_hal_msp.c:379:6:HAL_I2C_MspDeInit	16	static
../Core/Src/stm32f4xx_hal_msp.c:410:6:HAL_LTDC_MspInit	112	static
../Core/Src/stm32f4xx_hal_msp.c:538:6:HAL_LTDC_MspDeInit	16	static
../Core/Src/stm32f4xx_hal_msp.c:602:6:HAL_SPI_MspInit	48	static
../Core/Src/stm32f4xx_hal_msp.c:640:6:HAL_SPI_MspDeInit	16	static
../Core/Src/stm32f4xx_hal_msp.c:670:6:HAL_TIM_Base_MspInit	24	static
../Core/Src/stm32f4xx_hal_msp.c:703:6:HAL_TIM_Base_MspDeInit	16	static
../Core/Src/stm32f4xx_hal_msp.c:736:6:HAL_UART_MspInit	48	static
../Core/Src/stm32f4xx_hal_msp.c:773:6:HAL_UART_MspDeInit	16	static
../Core/Src/stm32f4xx_hal_msp.c:798:13:HAL_FMC_MspInit	32	static
../Core/Src/stm32f4xx_hal_msp.c:904:6:HAL_SDRAM_MspInit	16	static
../Core/Src/stm32f4xx_hal_msp.c:916:13:HAL_FMC_MspDeInit	8	static
../Core/Src/stm32f4xx_hal_msp.c:990:6:HAL_SDRAM_MspDeInit	16	static
